2025-01-09 12:48:21,838 - DEBUG - Loading template configuration for hello_world
2025-01-09 12:48:21,840 - DEBUG - Creating build task
2025-01-09 12:48:21,840 - DEBUG - Template root directory: /Users/mcawood/dev/benchpro/templates
2025-01-09 12:48:21,840 - DEBUG - Source files in config: ['hello_world.c']
2025-01-09 12:48:21,840 - DEBUG - Adding source files to staging list
2025-01-09 12:48:21,840 - DEBUG - Full source path: /Users/mcawood/dev/benchpro/templates/applications/hello_world/hello_world.c
2025-01-09 12:48:21,840 - DEBUG - Checking if file exists at: /Users/mcawood/dev/benchpro/templates/applications/hello_world/hello_world.c
2025-01-09 12:48:21,840 - DEBUG - Destination path: /Users/mcawood/dev/benchpro/applications/hello_world-53a28f4d4cc5/build/hello_world.c
2025-01-09 12:48:21,840 - DEBUG - Loading build template
2025-01-09 12:48:21,840 - DEBUG - Creating template context
2025-01-09 12:48:21,842 - DEBUG - Writing build script to /Users/mcawood/dev/benchpro/applications/hello_world-53a28f4d4cc5/source
2025-01-09 12:48:21,842 - DEBUG - Creating build job
2025-01-09 12:48:21,843 - DEBUG - Starting file staging
2025-01-09 12:48:21,844 - DEBUG - Submitting build job
2025-01-09 12:48:21,847 - DEBUG - Monitoring build progress
2025-01-09 12:48:21,847 - DEBUG - Job status: {'state': 'running'}
2025-01-09 12:48:21,949 - DEBUG - Job status: {'state': 'running'}
2025-01-09 12:48:22,050 - DEBUG - Job status: {'state': 'running'}
2025-01-09 12:48:22,151 - DEBUG - Job status: {'state': 'running'}
2025-01-09 12:48:22,252 - DEBUG - Job status: {'state': 'running'}
2025-01-09 12:48:22,354 - DEBUG - Job status: {'state': 'completed'}
2025-01-09 12:48:22,354 - DEBUG - Build completed successfully
2025-01-09 12:48:22,354 - DEBUG - Build completed: {'stdout_size': 1723, 'stderr_size': 1723, 'has_errors': False, 'error_context': None, 'entry_count': 0, 'first_entry': None, 'last_entry': None}
